Hello from TOG!
This is a test file.
Line 3.